2026-05-25T20:25:24 | app | INFO | {"timestamp": "2026-05-25T14:55:24.288669", "event": "app_startup", "env": "development", "debug": true, "version": "1.3.0"}
2026-05-25T20:27:35 | app | INFO | {"timestamp": "2026-05-25T14:57:35.238923", "event": "app_shutdown"}
2026-05-25T20:27:36 | app | INFO | {"timestamp": "2026-05-25T14:57:36.430844", "event": "app_startup", "env": "development", "debug": true, "version": "1.3.0"}
2026-05-25T20:27:37 | app | INFO | {"timestamp": "2026-05-25T14:57:37.204183", "event": "app_startup", "env": "development", "debug": true, "version": "1.3.0"}
2026-05-25T20:27:37 | app | INFO | {"timestamp": "2026-05-25T14:57:37.948108", "event": "app_startup", "env": "development", "debug": true, "version": "1.3.0"}
2026-05-25T20:31:37 | app | INFO | {"timestamp": "2026-05-25T15:01:37.592886", "event": "app_shutdown"}
2026-05-25T20:31:38 | app | INFO | {"timestamp": "2026-05-25T15:01:38.731315", "event": "app_startup", "env": "development", "debug": true, "version": "1.3.0"}
2026-05-25T20:31:40 | app | INFO | {"timestamp": "2026-05-25T15:01:40.575154", "event": "app_shutdown"}
2026-05-25T20:31:41 | app | INFO | {"timestamp": "2026-05-25T15:01:41.184484", "event": "app_startup", "env": "development", "debug": true, "version": "1.3.0"}
2026-05-25T20:32:10 | app | INFO | {"timestamp": "2026-05-25T15:02:10.398985", "event": "app_shutdown"}
2026-05-25T20:32:11 | app | INFO | {"timestamp": "2026-05-25T15:02:11.881946", "event": "app_startup", "env": "development", "debug": true, "version": "1.3.0"}
2026-05-25T20:32:25 | app | INFO | {"timestamp": "2026-05-25T15:02:25.147777", "event": "app_shutdown"}
2026-05-25T20:32:25 | app | INFO | {"timestamp": "2026-05-25T15:02:25.893954", "event": "app_startup", "env": "development", "debug": true, "version": "1.3.0"}
2026-05-25T20:32:27 | app | INFO | {"timestamp": "2026-05-25T15:02:27.920009", "event": "app_shutdown"}
2026-05-25T20:32:28 | app | INFO | {"timestamp": "2026-05-25T15:02:28.549363", "event": "app_startup", "env": "development", "debug": true, "version": "1.3.0"}
2026-05-25T20:32:30 | app | INFO | {"timestamp": "2026-05-25T15:02:30.467544", "event": "app_shutdown"}
2026-05-25T20:32:31 | app | INFO | {"timestamp": "2026-05-25T15:02:31.701182", "event": "app_startup", "env": "development", "debug": true, "version": "1.3.0"}
2026-05-25T20:32:33 | app | INFO | {"timestamp": "2026-05-25T15:02:33.524519", "event": "app_shutdown"}
2026-05-25T20:32:34 | app | INFO | {"timestamp": "2026-05-25T15:02:34.086639", "event": "app_startup", "env": "development", "debug": true, "version": "1.3.0"}
2026-05-25T20:32:40 | app | INFO | {"timestamp": "2026-05-25T15:02:40.259017", "event": "app_shutdown"}
2026-05-25T20:32:40 | app | INFO | {"timestamp": "2026-05-25T15:02:40.817605", "event": "app_startup", "env": "development", "debug": true, "version": "1.3.0"}
2026-05-25T20:32:50 | app | INFO | {"timestamp": "2026-05-25T15:02:50.720113", "event": "app_shutdown"}
2026-05-25T20:32:51 | app | INFO | {"timestamp": "2026-05-25T15:02:51.767524", "event": "app_startup", "env": "development", "debug": true, "version": "1.3.0"}
2026-05-25T20:32:56 | app | INFO | {"timestamp": "2026-05-25T15:02:56.113844", "event": "app_shutdown"}
2026-05-25T20:32:57 | app | INFO | {"timestamp": "2026-05-25T15:02:57.469667", "event": "app_startup", "env": "development", "debug": true, "version": "1.3.0"}
2026-05-25T20:33:00 | app | INFO | {"timestamp": "2026-05-25T15:03:00.802632", "event": "app_shutdown"}
2026-05-25T20:33:01 | app | INFO | {"timestamp": "2026-05-25T15:03:01.387609", "event": "app_startup", "env": "development", "debug": true, "version": "1.3.0"}
2026-05-25T20:33:19 | app | INFO | {"timestamp": "2026-05-25T15:03:19.099278", "event": "health_check_ok", "overall": "degraded"}
2026-05-25T20:33:19 | app | INFO | {"timestamp": "2026-05-25T15:03:19.102256", "event": "http_request", "method": "GET", "path": "/health/", "status_code": 200, "duration_ms": 11.27}
2026-05-25T20:33:19 | app | INFO | {"timestamp": "2026-05-25T15:03:19.109681", "event": "health_check_ok", "overall": "degraded"}
2026-05-25T20:33:19 | app | INFO | {"timestamp": "2026-05-25T15:03:19.110182", "event": "http_request", "method": "GET", "path": "/health/", "status_code": 200, "duration_ms": 1.43}
2026-05-25T20:33:19 | app | INFO | {"timestamp": "2026-05-25T15:03:19.114445", "event": "http_request", "method": "GET", "path": "/health/services", "status_code": 200, "duration_ms": 1.12}
2026-05-25T20:33:19 | app | INFO | {"timestamp": "2026-05-25T15:03:19.122628", "event": "http_request", "method": "GET", "path": "/incidents/", "status_code": 200, "duration_ms": 5.67}
2026-05-25T20:33:19 | app | INFO | {"timestamp": "2026-05-25T15:03:19.132103", "event": "http_request", "method": "GET", "path": "/metrics/", "status_code": 200, "duration_ms": 6.5}
2026-05-25T20:33:19 | app | INFO | {"timestamp": "2026-05-25T15:03:19.136375", "event": "http_request", "method": "GET", "path": "/deployments/latest", "status_code": 200, "duration_ms": 1.87}
2026-05-25T20:34:14 | app | INFO | {"timestamp": "2026-05-25T15:04:14.852627", "event": "health_check_ok", "overall": "degraded"}
2026-05-25T20:34:14 | app | INFO | {"timestamp": "2026-05-25T15:04:14.856128", "event": "http_request", "method": "GET", "path": "/health/", "status_code": 200, "duration_ms": 31.25}
2026-05-25T20:34:14 | app | INFO | {"timestamp": "2026-05-25T15:04:14.862659", "event": "health_check_ok", "overall": "degraded"}
2026-05-25T20:34:14 | app | INFO | {"timestamp": "2026-05-25T15:04:14.863307", "event": "http_request", "method": "GET", "path": "/health/", "status_code": 200, "duration_ms": 1.69}
2026-05-25T20:34:14 | app | INFO | {"timestamp": "2026-05-25T15:04:14.867344", "event": "http_request", "method": "GET", "path": "/health/services", "status_code": 200, "duration_ms": 1.34}
2026-05-25T20:34:14 | app | INFO | {"timestamp": "2026-05-25T15:04:14.875164", "event": "http_request", "method": "GET", "path": "/incidents/", "status_code": 200, "duration_ms": 5.13}
2026-05-25T20:34:14 | app | INFO | {"timestamp": "2026-05-25T15:04:14.881551", "event": "http_request", "method": "GET", "path": "/metrics/", "status_code": 200, "duration_ms": 4.06}
2026-05-25T20:34:14 | app | INFO | {"timestamp": "2026-05-25T15:04:14.885670", "event": "http_request", "method": "GET", "path": "/deployments/latest", "status_code": 200, "duration_ms": 1.45}
2026-05-25T20:34:18 | app | INFO | {"timestamp": "2026-05-25T15:04:18.985481", "event": "health_check_ok", "overall": "degraded"}
2026-05-25T20:34:18 | app | INFO | {"timestamp": "2026-05-25T15:04:18.986289", "event": "http_request", "method": "GET", "path": "/health/", "status_code": 200, "duration_ms": 3.63}
2026-05-25T20:34:18 | app | INFO | {"timestamp": "2026-05-25T15:04:18.994459", "event": "http_request", "method": "GET", "path": "/incidents/", "status_code": 200, "duration_ms": 1.93}
2026-05-25T20:34:20 | app | INFO | {"timestamp": "2026-05-25T15:04:20.682130", "event": "health_check_ok", "overall": "degraded"}
2026-05-25T20:34:20 | app | INFO | {"timestamp": "2026-05-25T15:04:20.686571", "event": "http_request", "method": "GET", "path": "/health/", "status_code": 200, "duration_ms": 13.62}
2026-05-25T20:34:20 | app | INFO | {"timestamp": "2026-05-25T15:04:20.698842", "event": "http_request", "method": "GET", "path": "/deployments/", "status_code": 200, "duration_ms": 2.4}
2026-05-25T20:34:23 | app | INFO | {"timestamp": "2026-05-25T15:04:23.359461", "event": "health_check_ok", "overall": "degraded"}
2026-05-25T20:34:23 | app | INFO | {"timestamp": "2026-05-25T15:04:23.360223", "event": "http_request", "method": "GET", "path": "/health/", "status_code": 200, "duration_ms": 2.23}
2026-05-25T20:34:23 | app | INFO | {"timestamp": "2026-05-25T15:04:23.368476", "event": "http_request", "method": "GET", "path": "/metrics/", "status_code": 200, "duration_ms": 3.47}
2026-05-25T20:34:23 | app | INFO | {"timestamp": "2026-05-25T15:04:23.384941", "event": "http_request", "method": "GET", "path": "/metrics/history", "status_code": 200, "duration_ms": 10.15}
2026-05-25T20:34:37 | app | INFO | {"timestamp": "2026-05-25T15:04:37.520414", "event": "health_check_ok", "overall": "degraded"}
2026-05-25T20:34:37 | app | INFO | {"timestamp": "2026-05-25T15:04:37.523217", "event": "http_request", "method": "GET", "path": "/health/", "status_code": 200, "duration_ms": 9.55}
2026-05-25T20:34:37 | app | INFO | {"timestamp": "2026-05-25T15:04:37.544502", "event": "http_request", "method": "GET", "path": "/logs/", "status_code": 200, "duration_ms": 5.35}
2026-05-25T20:34:41 | app | INFO | {"timestamp": "2026-05-25T15:04:41.303260", "event": "health_check_ok", "overall": "degraded"}
2026-05-25T20:34:41 | app | INFO | {"timestamp": "2026-05-25T15:04:41.304263", "event": "http_request", "method": "GET", "path": "/health/", "status_code": 200, "duration_ms": 3.39}
2026-05-25T20:34:41 | app | INFO | {"timestamp": "2026-05-25T15:04:41.311612", "event": "http_request", "method": "GET", "path": "/logs/", "status_code": 200, "duration_ms": 0.7}
2026-05-25T20:34:42 | app | INFO | {"timestamp": "2026-05-25T15:04:42.962945", "event": "health_check_ok", "overall": "degraded"}
2026-05-25T20:34:42 | app | INFO | {"timestamp": "2026-05-25T15:04:42.964283", "event": "http_request", "method": "GET", "path": "/health/", "status_code": 200, "duration_ms": 4.12}
2026-05-25T20:34:42 | app | INFO | {"timestamp": "2026-05-25T15:04:42.972833", "event": "http_request", "method": "GET", "path": "/logs/", "status_code": 200, "duration_ms": 0.87}
2026-05-25T20:34:44 | app | INFO | {"timestamp": "2026-05-25T15:04:44.438464", "event": "health_check_ok", "overall": "degraded"}
2026-05-25T20:34:44 | app | INFO | {"timestamp": "2026-05-25T15:04:44.439448", "event": "http_request", "method": "GET", "path": "/health/", "status_code": 200, "duration_ms": 14.46}
2026-05-25T20:34:44 | app | INFO | {"timestamp": "2026-05-25T15:04:44.457434", "event": "http_request", "method": "GET", "path": "/logs/", "status_code": 200, "duration_ms": 1.35}
2026-05-25T20:34:55 | app | INFO | {"timestamp": "2026-05-25T15:04:55.449513", "event": "health_check_ok", "overall": "degraded"}
2026-05-25T20:34:55 | app | INFO | {"timestamp": "2026-05-25T15:04:55.454740", "event": "http_request", "method": "GET", "path": "/health/", "status_code": 200, "duration_ms": 15.13}
2026-05-25T20:34:55 | app | INFO | {"timestamp": "2026-05-25T15:04:55.469311", "event": "health_check_ok", "overall": "degraded"}
2026-05-25T20:34:55 | app | INFO | {"timestamp": "2026-05-25T15:04:55.469847", "event": "http_request", "method": "GET", "path": "/health/", "status_code": 200, "duration_ms": 1.61}
2026-05-25T20:34:55 | app | INFO | {"timestamp": "2026-05-25T15:04:55.474791", "event": "http_request", "method": "GET", "path": "/health/services", "status_code": 200, "duration_ms": 2.15}
2026-05-25T20:34:55 | app | INFO | {"timestamp": "2026-05-25T15:04:55.484013", "event": "http_request", "method": "GET", "path": "/incidents/", "status_code": 200, "duration_ms": 4.0}
2026-05-25T20:34:55 | app | INFO | {"timestamp": "2026-05-25T15:04:55.489437", "event": "http_request", "method": "GET", "path": "/metrics/", "status_code": 200, "duration_ms": 2.5}
2026-05-25T20:34:55 | app | INFO | {"timestamp": "2026-05-25T15:04:55.494817", "event": "http_request", "method": "GET", "path": "/deployments/latest", "status_code": 200, "duration_ms": 2.32}
2026-05-25T20:35:38 | app | INFO | {"timestamp": "2026-05-25T15:05:38.286415", "event": "health_check_ok", "overall": "degraded"}
2026-05-25T20:35:38 | app | INFO | {"timestamp": "2026-05-25T15:05:38.294287", "event": "http_request", "method": "GET", "path": "/health/", "status_code": 200, "duration_ms": 27.26}
2026-05-25T20:35:38 | app | INFO | {"timestamp": "2026-05-25T15:05:38.316256", "event": "http_request", "method": "GET", "path": "/incidents/", "status_code": 200, "duration_ms": 7.26}
2026-05-25T20:36:05 | app | INFO | {"timestamp": "2026-05-25T15:06:05.948662", "event": "health_check_ok", "overall": "degraded"}
2026-05-25T20:36:05 | app | INFO | {"timestamp": "2026-05-25T15:06:05.950777", "event": "http_request", "method": "GET", "path": "/health/", "status_code": 200, "duration_ms": 8.02}
2026-05-25T20:36:05 | app | INFO | {"timestamp": "2026-05-25T15:06:05.969260", "event": "http_request", "method": "GET", "path": "/deployments/", "status_code": 200, "duration_ms": 7.41}
2026-05-25T20:36:14 | app | INFO | {"timestamp": "2026-05-25T15:06:14.931127", "event": "health_check_ok", "overall": "degraded"}
2026-05-25T20:36:14 | app | INFO | {"timestamp": "2026-05-25T15:06:14.934136", "event": "http_request", "method": "GET", "path": "/health/", "status_code": 200, "duration_ms": 10.21}
2026-05-25T20:36:14 | app | INFO | {"timestamp": "2026-05-25T15:06:14.955649", "event": "http_request", "method": "GET", "path": "/metrics/", "status_code": 200, "duration_ms": 4.48}
2026-05-25T20:36:14 | app | INFO | {"timestamp": "2026-05-25T15:06:14.965825", "event": "http_request", "method": "GET", "path": "/metrics/history", "status_code": 200, "duration_ms": 3.38}
